SELECT current_setting('ddl_guard.enabled', true) = 'on' AS ddl_guard_enabled;
 ddl_guard_enabled 
-------------------
 t
(1 row)

SELECT current_setting('is_superuser', true) = 'on' AS is_superuser;
 is_superuser 
--------------
 f
(1 row)

CREATE TABLE IF NOT EXISTS foobar (id serial PRIMARY KEY);
WARNING:  ddl_guard: ddl detected, sentinel file written
CREATE OR REPLACE FUNCTION foobar_trigger() RETURNS TRIGGER AS $$
BEGIN
    RETURN NEW;
END;
$$ LANGUAGE plpgsql;
WARNING:  ddl_guard: ddl detected, sentinel file written
DROP TABLE IF EXISTS foobar;
WARNING:  ddl_guard: ddl detected, sentinel file written
DROP FUNCTION IF EXISTS foobar_trigger;
WARNING:  ddl_guard: ddl detected, sentinel file written
